{
    "version": "0.2.0",
    "configurations": [
        {
            "name": "Gebug",
            "type": "go",
            "request": "attach",
            "mode": "remote",
            "remotePath": "/src",
            "port": 43210,
            "host": "127.0.0.1"
        }
    ]
}